+incdir+../../../bsg_misc
+incdir+../../../bsg_clk_gen
+incdir+../../../bsg_tag/
+incdir+../../../bsg_dmc/
+incdir+../../../bsg_link/
+incdir+../lpddr_verilog_model
+incdir+../

../../../bsg_misc/bsg_defines.sv
../../../bsg_tag/bsg_tag_pkg.sv
../../../bsg_dmc/bsg_dmc_pkg.sv
../../../bsg_async/bsg_async_fifo.sv
../../../bsg_async/bsg_async_ptr_gray.sv
../../../bsg_async/bsg_launch_sync_sync.sv
../../../bsg_async/bsg_sync_sync.sv
../../../bsg_clk_gen/bsg_dly_line.sv
../../../bsg_clk_gen/bsg_clk_gen.sv
../../../bsg_clk_gen/bsg_clk_gen_osc.sv
../../../bsg_dataflow/bsg_fifo_1r1w_small.sv
../../../bsg_dataflow/bsg_fifo_1r1w_small_unhardened.sv
../../../bsg_dataflow/bsg_fifo_1r1w_small_hardened.sv
../../../bsg_dataflow/bsg_fifo_1r1w_small_credit_on_input.sv
../../../bsg_dataflow/bsg_fifo_tracker.sv
../../../bsg_dataflow/bsg_flow_counter.sv
../../../bsg_dataflow/bsg_flatten_2D_array.sv
../../../bsg_dataflow/bsg_make_2D_array.sv
../../../bsg_dataflow/bsg_parallel_in_serial_out.sv
../../../bsg_dataflow/bsg_serial_in_parallel_out.sv
../../../bsg_dataflow/bsg_two_fifo.sv
../../../bsg_dataflow/bsg_one_fifo.sv
../../../bsg_dmc/bsg_dmc.sv
../../../bsg_dmc/bsg_dmc_clk_rst_gen.sv
../../../bsg_dmc/bsg_dmc_controller.sv
../../../bsg_dmc/bsg_dmc_dly_line_v3.sv
../../../bsg_dmc/bsg_dmc_phy.sv
../../../bsg_mem/bsg_mem_1r1w.sv
../../../bsg_mem/bsg_mem_1r1w_synth.sv
../../../bsg_mem/bsg_mem_1r1w_sync.sv
../../../bsg_mem/bsg_mem_1r1w_sync_synth.sv
../../../bsg_misc/bsg_and.sv
../../../bsg_misc/bsg_buf.sv
../../../bsg_misc/bsg_circular_ptr.sv
../../../bsg_misc/bsg_counter_clock_downsample.sv
../../../bsg_misc/bsg_counter_up_down.sv
../../../bsg_misc/bsg_dff.sv
../../../bsg_misc/bsg_dff_reset_en.sv
../../../bsg_misc/bsg_mux.sv
../../../bsg_misc/bsg_mux2_gatestack.sv
../../../bsg_misc/bsg_muxi2_gatestack.sv
../../../bsg_misc/bsg_nand.sv
../../../bsg_misc/bsg_nor3.sv
../../../bsg_misc/bsg_reduce.sv
../../../bsg_misc/bsg_strobe.sv
../../../bsg_misc/bsg_xnor.sv
../../../bsg_misc/bsg_counter_clear_up.sv
../../../bsg_misc/bsg_dff_reset.sv
../../../bsg_misc/bsg_dff_en.sv
../../../bsg_tag/bsg_tag_master.sv
../../../bsg_tag/bsg_tag_client.sv
../../../bsg_tag/bsg_tag_client_unsync.sv
../../../bsg_tag/bsg_tag_trace_replay.sv
../../../bsg_test/bsg_nonsynth_clock_gen.sv
../../../bsg_test/bsg_nonsynth_reset_gen.sv
../../../bsg_test/bsg_trace_replay.sv
../../../bsg_link/bsg_link_ddr_downstream.sv
../../../bsg_link/bsg_link_ddr_upstream.sv
../../../bsg_link/bsg_link_source_sync_upstream.sv
../../../bsg_link/bsg_link_oddr_phy.sv
../../../bsg_async/bsg_async_credit_counter.sv
../../../bsg_misc/bsg_gray_to_binary.sv
../../../bsg_misc/bsg_scan.sv
../../../bsg_link/bsg_link_iddr_phy.sv
../../../bsg_link/bsg_link_source_sync_downstream.sv
../../../bsg_dataflow/bsg_serial_in_parallel_out_full.sv
../../../bsg_dataflow/bsg_round_robin_1_to_n.sv

../bsg_dmc_trace_rom.v
../../../bsg_dmc/bsg_dmc_xilinx_ui_trace_replay.sv
../../../bsg_dmc/bsg_dmc_sys_cfg_gen.sv

../bsg_tag_boot_rom.v
../traffic_generator.sv
../bsg_nonsynth_dmc_clock_monitor.sv
../testbench.sv

../lpddr_verilog_model/mobile_ddr.sv
