../../bsg_misc/bsg_defines.v
../../bsg_dmc/bsg_dmc_pkg.v
../../bsg_tag/bsg_tag_pkg.v
../../bsg_async/bsg_async_fifo.v
../../bsg_async/bsg_async_ptr_gray.v
../../bsg_async/bsg_launch_sync_sync.v
../../bsg_async/bsg_sync_sync.v
../../bsg_clk_gen/bsg_dly_line.v
../../bsg_dataflow/bsg_fifo_1r1w_small.v
../../bsg_dataflow/bsg_fifo_1r1w_small_unhardened.v
../../bsg_dataflow/bsg_fifo_tracker.v
../../bsg_dataflow/bsg_flatten_2D_array.v
../../bsg_dataflow/bsg_make_2D_array.v
../../bsg_dataflow/bsg_parallel_in_serial_out.v
../../bsg_dataflow/bsg_serial_in_parallel_out.v
../../bsg_dataflow/bsg_two_fifo.v
../../bsg_dataflow/bsg_one_fifo.v
../../bsg_dmc/bsg_dmc.v
../../bsg_dmc/bsg_dmc_clk_rst_gen.v
../../bsg_dmc/bsg_dmc_controller.v
../../bsg_dmc/bsg_dmc_phy.v
../../bsg_mem/bsg_mem_1r1w.v
../../bsg_mem/bsg_mem_1r1w_synth.v
../../bsg_misc/bsg_buf.v
../../bsg_misc/bsg_circular_ptr.v
../../bsg_misc/bsg_counter_clock_downsample.v
../../bsg_misc/bsg_dff.v
../../bsg_misc/bsg_dff_reset_en.v
../../bsg_misc/bsg_mux.v
../../bsg_misc/bsg_mux2_gatestack.v
../../bsg_misc/bsg_muxi2_gatestack.v
../../bsg_misc/bsg_nand.v
../../bsg_misc/bsg_nor3.v
../../bsg_misc/bsg_reduce.v
../../bsg_misc/bsg_strobe.v
../../bsg_misc/bsg_xnor.v
../../bsg_misc/bsg_counter_clear_up.v
../../bsg_misc/bsg_dff_reset.v
../../bsg_misc/bsg_dff_en.v
../../bsg_tag/bsg_tag_client.v
../../bsg_tag/bsg_tag_client_unsync.v
lpddr_verilog_model/mobile_ddr.v
testbench.v
