+incdir+$BASEJUMP_STL_DIR/bsg_misc
+incdir+$BASEJUMP_STL_DIR/bsg_clk_gen
+incdir+$BASEJUMP_STL_DIR/testing/bsg_dmc/vip/ddr/lpddr_verilog_model/
+incdir+$BASEJUMP_STL_DIR/testing/bsg_dmc/tb_top/
+incdir+$BASEJUMP_STL_DIR/testing/bsg_dmc/config
+incdir+$BASEJUMP_STL_DIR/testing/bsg_dmc/env
+incdir+$BASEJUMP_STL_DIR/testing/bsg_dmc/tests
+incdir+$BASEJUMP_STL_DIR/testing/bsg_dmc/sequences
+incdir+$BASEJUMP_STL_DIR/testing/bsg_dmc/vip/asic

$BASEJUMP_STL_DIR/bsg_misc/bsg_defines.v
$BASEJUMP_STL_DIR/bsg_dmc/bsg_dmc_pkg.v
$BASEJUMP_STL_DIR/bsg_tag/bsg_tag_pkg.v
$BASEJUMP_STL_DIR/bsg_async/bsg_async_fifo.v
$BASEJUMP_STL_DIR/bsg_async/bsg_async_ptr_gray.v
$BASEJUMP_STL_DIR/bsg_async/bsg_launch_sync_sync.v
$BASEJUMP_STL_DIR/bsg_async/bsg_sync_sync.v
$BASEJUMP_STL_DIR/bsg_clk_gen/bsg_dly_line.v
$BASEJUMP_STL_DIR/bsg_dataflow/bsg_fifo_1r1w_small.v
$BASEJUMP_STL_DIR/bsg_dataflow/bsg_fifo_1r1w_small_unhardened.v
$BASEJUMP_STL_DIR/bsg_dataflow/bsg_fifo_tracker.v
$BASEJUMP_STL_DIR/bsg_dataflow/bsg_flatten_2D_array.v
$BASEJUMP_STL_DIR/bsg_dataflow/bsg_make_2D_array.v
$BASEJUMP_STL_DIR/bsg_dataflow/bsg_parallel_in_serial_out.v
$BASEJUMP_STL_DIR/bsg_dataflow/bsg_serial_in_parallel_out.v
$BASEJUMP_STL_DIR/bsg_dataflow/bsg_two_fifo.v
$BASEJUMP_STL_DIR/bsg_dataflow/bsg_one_fifo.v
$BASEJUMP_STL_DIR/bsg_dmc/bsg_dmc.v
$BASEJUMP_STL_DIR/bsg_dmc/bsg_dmc_clk_rst_gen.v
$BASEJUMP_STL_DIR/bsg_dmc/bsg_dmc_controller.v
$BASEJUMP_STL_DIR/bsg_dmc/bsg_dmc_phy.v
$BASEJUMP_STL_DIR/bsg_mem/bsg_mem_1r1w.v
$BASEJUMP_STL_DIR/bsg_mem/bsg_mem_1r1w_synth.v
$BASEJUMP_STL_DIR/bsg_misc/bsg_buf.v
$BASEJUMP_STL_DIR/bsg_misc/bsg_circular_ptr.v
$BASEJUMP_STL_DIR/bsg_misc/bsg_counter_clock_downsample.v
$BASEJUMP_STL_DIR/bsg_misc/bsg_dff.v
$BASEJUMP_STL_DIR/bsg_misc/bsg_dff_reset_en.v
$BASEJUMP_STL_DIR/bsg_misc/bsg_mux.v
$BASEJUMP_STL_DIR/bsg_misc/bsg_mux2_gatestack.v
$BASEJUMP_STL_DIR/bsg_misc/bsg_muxi2_gatestack.v
$BASEJUMP_STL_DIR/bsg_misc/bsg_nand.v
$BASEJUMP_STL_DIR/bsg_misc/bsg_nor3.v
$BASEJUMP_STL_DIR/bsg_misc/bsg_reduce.v
$BASEJUMP_STL_DIR/bsg_misc/bsg_strobe.v
$BASEJUMP_STL_DIR/bsg_misc/bsg_xnor.v
$BASEJUMP_STL_DIR/bsg_misc/bsg_counter_clear_up.v
$BASEJUMP_STL_DIR/bsg_misc/bsg_dff_reset.v
$BASEJUMP_STL_DIR/bsg_misc/bsg_dff_en.v
$BASEJUMP_STL_DIR/bsg_tag/bsg_tag_client.v
$BASEJUMP_STL_DIR/bsg_tag/bsg_tag_client_unsync.v

$BASEJUMP_STL_DIR/testing/bsg_dmc/config/bsg_dmc_params_pkg.sv
$BASEJUMP_STL_DIR/testing/bsg_dmc/vip/asic/bsg_dmc_asic_pkg.sv
$BASEJUMP_STL_DIR/testing/bsg_dmc/tests/bsg_dmc_tests_pkg.sv
$BASEJUMP_STL_DIR/testing/bsg_dmc/vip/ddr/lpddr_verilog_model/mobile_ddr.v
